// Jest Snapshot v1, https://goo.gl/fbAQLP

exports[`renders ContactScreen correctly 1`] = `
[
  <View />,
  <View
    style={
      {
        "bottom": 16,
        "position": "absolute",
        "right": 16,
      }
    }
  >
    <View
      accessibilityState={
        {
          "busy": undefined,
          "checked": undefined,
          "disabled": undefined,
          "expanded": undefined,
          "selected": undefined,
        }
      }
      accessibilityValue={
        {
          "max": undefined,
          "min": undefined,
          "now": undefined,
          "text": undefined,
        }
      }
      accessible={true}
      collapsable={false}
      focusable={true}
      onClick={[Function]}
      onResponderGrant={[Function]}
      onResponderMove={[Function]}
      onResponderRelease={[Function]}
      onResponderTerminate={[Function]}
      onResponderTerminationRequest={[Function]}
      onStartShouldSetResponder={[Function]}
      style={
        {
          "alignItems": "center",
          "backgroundColor": "#007bff",
          "borderRadius": 28,
          "elevation": 8,
          "height": 56,
          "justifyContent": "center",
          "opacity": 1,
          "width": 56,
        }
      }
    >
      <Text
        style={
          {
            "color": "white",
            "fontSize": 24,
          }
        }
      >
        +
      </Text>
    </View>
  </View>,
  <Modal
    animationType="slide"
    hardwareAccelerated={false}
    onRequestClose={[Function]}
    transparent={true}
    visible={false}
  />,
]
`;
